###############################################################################
#
# IAR ELF Linker V9.10.2.313/W64 for ARM                  30/Jan/2022  19:10:57
# Copyright 2007-2021 IAR Systems AB.
#
#    Output file  =
#        E:\PhD_Works\Tron_Project\IAR_Projects\LPC1768_Xoodoo_masked\Debug\Exe\Xoodoo_Masked.out_nochecksum
#    Map file     =
#        E:\PhD_Works\Tron_Project\IAR_Projects\LPC1768_Xoodoo_masked\Debug\List\Xoodoo_Masked.map
#    Command line =
#        -f
#        E:\PhD_Works\Tron_Project\IAR_Projects\LPC1768_Xoodoo_masked\Debug\Exe\Xoodoo_Masked.out_nochecksum.rsp
#        (E:\PhD_Works\Tron_Project\IAR_Projects\LPC1768_Xoodoo_masked\Debug\Obj\Xoodoo\ecrypt-sync.o
#        E:\PhD_Works\Tron_Project\IAR_Projects\LPC1768_Xoodoo_masked\Debug\Obj\CMSIS\lpc17xx_clkpwr.o
#        E:\PhD_Works\Tron_Project\IAR_Projects\LPC1768_Xoodoo_masked\Debug\Obj\CMSIS\lpc17xx_gpio.o
#        E:\PhD_Works\Tron_Project\IAR_Projects\LPC1768_Xoodoo_masked\Debug\Obj\CMSIS\lpc17xx_libcfg_default.o
#        E:\PhD_Works\Tron_Project\IAR_Projects\LPC1768_Xoodoo_masked\Debug\Obj\CMSIS\lpc17xx_pinsel.o
#        E:\PhD_Works\Tron_Project\IAR_Projects\LPC1768_Xoodoo_masked\Debug\Obj\CMSIS\lpc17xx_uart.o
#        E:\PhD_Works\Tron_Project\IAR_Projects\LPC1768_Xoodoo_masked\Debug\Obj\SRC\main.o
#        E:\PhD_Works\Tron_Project\IAR_Projects\LPC1768_Xoodoo_masked\Debug\Obj\SRC\peripherals.o
#        E:\PhD_Works\Tron_Project\IAR_Projects\LPC1768_Xoodoo_masked\Debug\Obj\CMSIS\system_LPC17xx.o
#        E:\PhD_Works\Tron_Project\IAR_Projects\LPC1768_Xoodoo_masked\Debug\Obj\Xoodoo\xoodoo-masked-optimized.o
#        --no_out_extension -o
#        E:\PhD_Works\Tron_Project\IAR_Projects\LPC1768_Xoodoo_masked\Debug\Exe\Xoodoo_Masked.out_nochecksum
#        --map
#        E:\PhD_Works\Tron_Project\IAR_Projects\LPC1768_Xoodoo_masked\Debug\List\Xoodoo_Masked.map
#        --config "C:\Program Files\IAR Systems\Embedded Workbench
#        9.0\arm\config\linker\NXP\LPC1768.icf" --semihosting --entry
#        __iar_program_start --no_vfe --text_out locale)
#
###############################################################################

*******************************************************************************
*** RUNTIME MODEL ATTRIBUTES
***

CppFlavor       = *
__SystemLibrary = DLib
__dlib_version  = 6


*******************************************************************************
*** HEAP SELECTION
***

The basic heap was selected because no calls to memory allocation
functions were found in the application outside of system library
functions, and there are calls to deallocation functions in the
application.


*******************************************************************************
*** PLACEMENT SUMMARY
***

"A0":  place at address 0x0 { ro section .intvec };
"P1":  place in [from 0x0 to 0x2fb] |
                [from 0x300 to 0x7'ffff] { ro };
define block CSTACK with size = 2K, alignment = 8 { };
define block HEAP with size = 4K, alignment = 8 { };
"P2":  place in [from 0x1000'0000 to 0x1000'7fdf] {
          rw, block CSTACK, block HEAP };
initialize by copy { rw };

No sections matched the following patterns:

  section .crp   in "P3"
  section .sram  in "P4"


  Section            Kind         Address    Size  Object
  -------            ----         -------    ----  ------
"A0":                                        0x40
  .intvec            ro code          0x0    0x40  vector_table_M.o [5]
                                   - 0x40    0x40

"P1", part 1 of 2:                          0x130
  .text              ro code         0x40    0x2a  copy_init3.o [5]
  .text              ro code         0x6c    0xf0  lpc17xx_clkpwr.o [1]
  Initializer bytes  const          0x15c    0x14  <for P2 s0>
                                  - 0x170   0x130

"P1", part 2 of 2:                         0x57a4
  .text              ro code        0x300  0x47a6  xoodoo-masked-optimized.o [3]
  .text              ro code       0x4aa8   0x518  lpc17xx_uart.o [1]
  .text              ro code       0x4fc0   0x230  I64DivMod.o [5]
  .text              ro code       0x51f0     0x2  lpc17xx_libcfg_default.o [1]
  .text              ro code       0x51f2     0x2  vectortrap_M.o [5]
  .text              ro code       0x51f4     0x2  I64DivZer.o [5]
  .text              ro code       0x51f8   0x264  main.o [2]
  .text              ro code       0x545c   0x140  peripherals.o [2]
  .text              ro code       0x559c    0x66  ABImemset.o [5]
  .text              ro code       0x5604   0x1a8  ecrypt-sync.o [3]
  .text              ro code       0x57ac    0xa8  lpc17xx_gpio.o [1]
  .text              ro code       0x5854   0x110  lpc17xx_pinsel.o [1]
  .rodata            const         0x5964    0x58  lpc17xx_uart.o [1]
  .text              ro code       0x59bc    0x38  zero_init3.o [5]
  .text              ro code       0x59f4    0x28  data_init.o [5]
  .iar.init_table    const         0x5a1c    0x24  - Linker created -
  .text              ro code       0x5a40    0x1e  cmain.o [5]
  .text              ro code       0x5a5e     0x4  low_level_init.o [4]
  .text              ro code       0x5a62     0x4  exit.o [4]
  .text              ro code       0x5a68     0xa  cexit.o [5]
  .text              ro code       0x5a74    0x14  exit.o [6]
  .text              ro code       0x5a88    0x1c  cstartup_M.o [5]
  .rodata            const         0x5aa4     0x0  zero_init3.o [5]
  .rodata            const         0x5aa4     0x0  copy_init3.o [5]
                                 - 0x5aa4  0x57a4

"P2", part 1 of 3:                           0x14
  P2 s0                       0x1000'0000    0x14  <Init block>
    .data            inited   0x1000'0000    0x10  main.o [2]
    .data            inited   0x1000'0010     0x4  system_LPC17xx.o [1]
                            - 0x1000'0014    0x14

"P2", part 2 of 3:                           0xa0
  .bss               zero     0x1000'0014    0x30  ecrypt-sync.o [3]
  .bss               zero     0x1000'0044    0x30  main.o [2]
  .bss               zero     0x1000'0074    0x30  xoodoo-masked-optimized.o [3]
  .bss               zero     0x1000'00a4    0x10  main.o [2]
                            - 0x1000'00b4    0xa0

"P2", part 3 of 3:                          0x800
  CSTACK                      0x1000'00b8   0x800  <Block>
    CSTACK           uninit   0x1000'00b8   0x800  <Block tail>
                            - 0x1000'08b8   0x800

Unused ranges:

         From           To      Size
         ----           --      ----
        0x170        0x2fb     0x18c
       0x5aa4     0x7'ffff  0x7'a55c
  0x1000'00b4  0x1000'00b7       0x4
  0x1000'08b8  0x1000'7fdf    0x7728


*******************************************************************************
*** INIT TABLE
***

          Address      Size
          -------      ----
Zero (__iar_zero_init3)
    1 destination range, total size 0xa0:
          0x1000'0014  0xa0

Copy (__iar_copy_init3)
    1 source range, total size 0x14:
                0x15c  0x14
    1 destination range, total size 0x14:
          0x1000'0000  0x14



*******************************************************************************
*** MODULE SUMMARY
***

    Module                     ro code  ro data  rw data
    ------                     -------  -------  -------
command line/config:
    ----------------------------------------------------
    Total:

E:\PhD_Works\Tron_Project\IAR_Projects\LPC1768_Xoodoo_masked\Debug\Obj\CMSIS: [1]
    lpc17xx_clkpwr.o               240
    lpc17xx_gpio.o                 168
    lpc17xx_libcfg_default.o         2
    lpc17xx_pinsel.o               272
    lpc17xx_uart.o               1'304       88
    system_LPC17xx.o                          4        4
    ----------------------------------------------------
    Total:                       1'986       92        4

E:\PhD_Works\Tron_Project\IAR_Projects\LPC1768_Xoodoo_masked\Debug\Obj\SRC: [2]
    main.o                         612       16       80
    peripherals.o                  320
    ----------------------------------------------------
    Total:                         932       16       80

E:\PhD_Works\Tron_Project\IAR_Projects\LPC1768_Xoodoo_masked\Debug\Obj\Xoodoo: [3]
    ecrypt-sync.o                  424                48
    xoodoo-masked-optimized.o   18'342                48
    ----------------------------------------------------
    Total:                      18'766                96

dl7M_tln.a: [4]
    exit.o                           4
    low_level_init.o                 4
    ----------------------------------------------------
    Total:                           8

rt7M_tl.a: [5]
    ABImemset.o                    102
    I64DivMod.o                    560
    I64DivZer.o                      2
    cexit.o                         10
    cmain.o                         30
    copy_init3.o                    42
    cstartup_M.o                    28
    data_init.o                     40
    vector_table_M.o                64
    vectortrap_M.o                   2
    zero_init3.o                    56
    ----------------------------------------------------
    Total:                         936

shb_l.a: [6]
    exit.o                          20
    ----------------------------------------------------
    Total:                          20

    Gaps                            12
    Linker created                           36    2'048
--------------------------------------------------------
    Grand Total:                22'660      144    2'228


*******************************************************************************
*** ENTRY LIST
***

Entry                       Address    Size  Type      Object
-----                       -------    ----  ----      ------
.iar.init_table$$Base        0x5a1c           --   Gb  - Linker created -
.iar.init_table$$Limit       0x5a40           --   Gb  - Linker created -
?main                        0x5a41          Code  Gb  cmain.o [5]
Absorb_Block                 0x575b    0x1e  Code  Gb  ecrypt-sync.o [3]
BusFault_Handler             0x51f3          Code  Wk  vectortrap_M.o [5]
CLKPWR_ConfigPPWR             0x117    0x30  Code  Gb  lpc17xx_clkpwr.o [1]
CLKPWR_GetPCLK                 0xdb    0x3c  Code  Gb  lpc17xx_clkpwr.o [1]
CLKPWR_GetPCLKSEL              0xbd    0x1e  Code  Gb  lpc17xx_clkpwr.o [1]
CLKPWR_SetPCLKDiv              0x6d    0x50  Code  Gb  lpc17xx_clkpwr.o [1]
CSTACK$$Base            0x1000'00b8           --   Gb  - Linker created -
CSTACK$$Limit           0x1000'08b8           --   Gb  - Linker created -
DebugMon_Handler             0x51f3          Code  Wk  vectortrap_M.o [5]
ECRYPT_encrypt_bytes         0x5779    0x2c  Code  Gb  ecrypt-sync.o [3]
ECRYPT_ivsetup               0x574b    0x10  Code  Gb  ecrypt-sync.o [3]
ECRYPT_keysetup              0x5605   0x146  Code  Gb  ecrypt-sync.o [3]
ExternalClock_Configuration
                             0x51f9    0x46  Code  Gb  main.o [2]
GPIO_ClearValue              0x5829    0x16  Code  Gb  lpc17xx_gpio.o [1]
GPIO_GetPointer              0x57ad    0x3a  Code  Lc  lpc17xx_gpio.o [1]
GPIO_SetDir                  0x57e7    0x2c  Code  Gb  lpc17xx_gpio.o [1]
GPIO_SetValue                0x5813    0x16  Code  Gb  lpc17xx_gpio.o [1]
HardFault_Handler            0x51f3          Code  Wk  vectortrap_M.o [5]
IV                      0x1000'0044    0x30  Data  Gb  main.o [2]
MemManage_Handler            0x51f3          Code  Wk  vectortrap_M.o [5]
NMI_Handler                  0x51f3          Code  Wk  vectortrap_M.o [5]
PINSEL_ConfigPin             0x5941    0x24  Code  Gb  lpc17xx_pinsel.o [1]
PendSV_Handler               0x51f3          Code  Wk  vectortrap_M.o [5]
Region$$Table$$Base          0x5a1c           --   Gb  - Linker created -
Region$$Table$$Limit         0x5a40           --   Gb  - Linker created -
SVC_Handler                  0x51f3          Code  Wk  vectortrap_M.o [5]
SysTick_Handler              0x51f3          Code  Wk  vectortrap_M.o [5]
SystemCoreClock         0x1000'0010     0x4  Data  Gb  system_LPC17xx.o [1]
UART_FIFOConfig              0x4eaf    0xf4  Code  Gb  lpc17xx_uart.o [1]
UART_Init                    0x4ca5   0x1ca  Code  Gb  lpc17xx_uart.o [1]
UART_ReceiveByte             0x4e6f    0x40  Code  Gb  lpc17xx_uart.o [1]
UsageFault_Handler           0x51f3          Code  Wk  vectortrap_M.o [5]
XoodooMask              0x1000'0074    0x30  Data  Gb  xoodoo-masked-optimized.o [3]
XoodooState             0x1000'0014    0x30  Data  Gb  ecrypt-sync.o [3]
Xoodoo_Initialize_Masks
                              0x301    0x10  Code  Gb  xoodoo-masked-optimized.o [3]
Xoodoo_Permute_12rounds
                              0x311  0x4796  Code  Gb  xoodoo-masked-optimized.o [3]
__aeabi_ldiv0                0x51f5          Code  Gb  I64DivZer.o [5]
__aeabi_memset               0x559d          Code  Gb  ABImemset.o [5]
__aeabi_uldivmod             0x4fc1          Code  Gb  I64DivMod.o [5]
__cmain                      0x5a41          Code  Gb  cmain.o [5]
__exit                       0x5a75    0x14  Code  Gb  exit.o [6]
__iar_Memset                 0x559d          Code  Gb  ABImemset.o [5]
__iar_Memset_word            0x55a5          Code  Gb  ABImemset.o [5]
__iar_copy_init3               0x41    0x2a  Code  Gb  copy_init3.o [5]
__iar_data_init3             0x59f5    0x28  Code  Gb  data_init.o [5]
__iar_program_start          0x5a89          Code  Gb  cstartup_M.o [5]
__iar_zero_init3             0x59bd    0x38  Code  Gb  zero_init3.o [5]
__low_level_init             0x5a5f     0x4  Code  Gb  low_level_init.o [4]
__vector_table                  0x0          Data  Gb  vector_table_M.o [5]
_call_main                   0x5a4d          Code  Gb  cmain.o [5]
_exit                        0x5a69          Code  Gb  cexit.o [5]
check_failed                 0x51f1     0x2  Code  Gb  lpc17xx_libcfg_default.o [1]
ciphertext              0x1000'00a4    0x10  Data  Gb  main.o [2]
clear_trigger                0x5591     0xc  Code  Gb  peripherals.o [2]
cleartext               0x1000'0000    0x10  Data  Gb  main.o [2]
exit                         0x5a63     0x4  Code  Gb  exit.o [4]
init_peripherals             0x545d    0x94  Code  Gb  peripherals.o [2]
main                         0x5241   0x1f6  Code  Gb  main.o [2]
receive_cleartext            0x54f1    0x38  Code  Gb  peripherals.o [2]
send_ciphertext              0x5553    0x26  Code  Gb  peripherals.o [2]
set_OpenDrainMode            0x58f5    0x3e  Code  Lc  lpc17xx_pinsel.o [1]
set_PinFunc                  0x5855    0x50  Code  Lc  lpc17xx_pinsel.o [1]
set_ResistorMode             0x58a5    0x50  Code  Lc  lpc17xx_pinsel.o [1]
set_trigger                  0x5585     0xc  Code  Gb  peripherals.o [2]
uart_receive                 0x5529    0x2a  Code  Gb  peripherals.o [2]
uart_set_divisors            0x4aa9   0x1fc  Code  Lc  lpc17xx_uart.o [1]


[1] = E:\PhD_Works\Tron_Project\IAR_Projects\LPC1768_Xoodoo_masked\Debug\Obj\CMSIS
[2] = E:\PhD_Works\Tron_Project\IAR_Projects\LPC1768_Xoodoo_masked\Debug\Obj\SRC
[3] = E:\PhD_Works\Tron_Project\IAR_Projects\LPC1768_Xoodoo_masked\Debug\Obj\Xoodoo
[4] = dl7M_tln.a
[5] = rt7M_tl.a
[6] = shb_l.a

  22'660 bytes of readonly  code memory
     144 bytes of readonly  data memory
   2'228 bytes of readwrite data memory

Errors: none
Warnings: none
